PH sdram NULL C:/dev_zuofu/395_vgs/ise/XSA-50/GPU/../../../hdl/sdramcntl.vhd sub00/vhpl02 1134018650
EN blitter NULL C:/dev_zuofu/395_vgs/ise/XSA-50/GPU/../../../hdl/blitter.vhd sub00/vhpl19 1134018667
AR fifo_cc arch C:/dev_zuofu/395_vgs/ise/XSA-50/GPU/../../../hdl/vga.vhd sub00/vhpl17 1134018665
PH vga_pckg NULL C:/dev_zuofu/395_vgs/ise/XSA-50/GPU/../../../hdl/vga.vhd sub00/vhpl10 1134018658
PB common common C:/dev_zuofu/395_vgs/ise/XSA-50/GPU/../../../hdl/common.vhd sub00/vhpl01 1134018649
EN dualport NULL C:/dev_zuofu/395_vgs/ise/XSA-50/GPU/../../../hdl/sdramcntl.vhd sub00/vhpl05 1134018653
AR gpuchip arch C:/dev_zuofu/395_vgs/ise/XSA-50/GPU/../../../hdl/XSA-50/gpuchip.vhd sub00/vhpl22 1134018670
AR dualport arch C:/dev_zuofu/395_vgs/ise/XSA-50/GPU/../../../hdl/sdramcntl.vhd sub00/vhpl06 1134018654
EN xsasdramcntl NULL C:/dev_zuofu/395_vgs/ise/XSA-50/GPU/../../../hdl/xsasdramcntl.vhd sub00/vhpl08 1134018656
EN vga NULL C:/dev_zuofu/395_vgs/ise/XSA-50/GPU/../../../hdl/vga.vhd sub00/vhpl12 1134018660
EN fifo_cc NULL C:/dev_zuofu/395_vgs/ise/XSA-50/GPU/../../../hdl/vga.vhd sub00/vhpl16 1134018664
AR vga vga_arch C:/dev_zuofu/395_vgs/ise/XSA-50/GPU/../../../hdl/vga.vhd sub00/vhpl13 1134018661
EN sync NULL C:/dev_zuofu/395_vgs/ise/XSA-50/GPU/../../../hdl/vga.vhd sub00/vhpl14 1134018662
PH common NULL C:/dev_zuofu/395_vgs/ise/XSA-50/GPU/../../../hdl/common.vhd sub00/vhpl00 1134018648
AR xsasdramcntl arch C:/dev_zuofu/395_vgs/ise/XSA-50/GPU/../../../hdl/xsasdramcntl.vhd sub00/vhpl09 1134018657
AR sdramcntl arch C:/dev_zuofu/395_vgs/ise/XSA-50/GPU/../../../hdl/sdramcntl.vhd sub00/vhpl04 1134018652
PH fifo_cc_pckg NULL C:/dev_zuofu/395_vgs/ise/XSA-50/GPU/../../../hdl/vga.vhd sub00/vhpl11 1134018659
AR blitter behavioral C:/dev_zuofu/395_vgs/ise/XSA-50/GPU/../../../hdl/blitter.vhd sub00/vhpl20 1134018668
EN sdramcntl NULL C:/dev_zuofu/395_vgs/ise/XSA-50/GPU/../../../hdl/sdramcntl.vhd sub00/vhpl03 1134018651
PH blitter_pckg NULL C:/dev_zuofu/395_vgs/ise/XSA-50/GPU/../../../hdl/blitter.vhd sub00/vhpl18 1134018666
AR sync sync_arch C:/dev_zuofu/395_vgs/ise/XSA-50/GPU/../../../hdl/vga.vhd sub00/vhpl15 1134018663
EN gpuchip NULL C:/dev_zuofu/395_vgs/ise/XSA-50/GPU/../../../hdl/XSA-50/gpuchip.vhd sub00/vhpl21 1134018669
PH xsasdram NULL C:/dev_zuofu/395_vgs/ise/XSA-50/GPU/../../../hdl/xsasdramcntl.vhd sub00/vhpl07 1134018655
